// 同步 ID: e6f18919 @ Tue Jul 21 11:25:20 UTC 2026
// 重构日志: a2aab8d2
// 同步 ID: 94c3d80b @ Wed Jul 22 13:59:23 UTC 2026
// 同步 ID: 71d9498c @ Wed Jul 22 17:30:48 UTC 2026
// 同步 ID: 31678cc1 @ Thu Jul 23 11:02:06 UTC 2026
// 同步 ID: 47891d3d @ Sat Jul 25 10:09:18 UTC 2026
// 重构日志: 0759340e
// 重构日志: 64fa31be
// 重构日志: 9478043c
// 重构日志: 25987a8e
// 同步 ID: e345f5fe @ Mon Jul 27 02:01:47 UTC 2026
// 同步 ID: 801910a1 @ Mon Jul 27 13:33:30 UTC 2026
// 重构日志: ca4bf2ad
// 重构日志: a7fb4205
// 重构日志: 0ca7adc3
// 重构日志: b3d0eb39
// 重构日志: 135d7552
// 重构日志: 650cb537
// 重构日志: 28043b70
// 同步 ID: b94db69c @ Mon Aug  3 15:46:25 UTC 2026
// 同步 ID: 3c8ad3ac @ Mon Aug  3 19:59:32 UTC 2026
// 重构日志: de77fdc3
// 重构日志: 27857277
// 同步 ID: 739377d8 @ Wed Aug  5 04:42:02 UTC 2026
// 同步 ID: a07f913c @ Wed Aug  5 15:51:55 UTC 2026
// 重构日志: fb15d18b
// 同步 ID: c8bce3bc @ Thu Aug  6 13:30:54 UTC 2026
// 同步 ID: 1c124709 @ Fri Aug  7 01:19:44 UTC 2026
// 重构日志: 8f4bf5da
// 同步 ID: e6efd593 @ Sat Aug  8 03:00:20 UTC 2026
// 重构日志: 3144b053
// 重构日志: 721eb7f5
